
> nextn@0.1.0 build
> next build

node.exe :  ΓÜá 
Warning: Next.js 
inferred your 
workspace root, but it 
may not be correct.
At line:1 char:1
+ & "C:\Program 
Files\nodejs/node.exe" 
"C:\Program 
Files\nodejs/node_mo 
...
+ ~~~~~~~~~~~~~~~~~~~~~
~~~~~~~~~~~~~~~~~~~~~~~
~~~~~~~~~~~~~~~~~~~~~~~
~~
    + CategoryInfo     
         : NotSpe    
cified: ( ΓÜá Wa    
rning: N...not b    e 
correct.:Strin    g) 
[], RemoteExc    eption
    + FullyQualified   
 ErrorId : Native    
CommandError
 
 We detected multiple 
lockfiles and selected 
the directory of E:\seh
at-sathi-main\package-l
ock.json as the root 
directory.
 To silence this 
warning, set `outputFil
eTracingRoot` in your 
Next.js config, or 
consider removing one 
of the lockfiles if 
it's not needed.
   See https://nextjs.o
rg/docs/app/api-referen
ce/config/next-config-j
s/output#caveats for 
more information.
 Detected additional 
lockfiles: 
   * E:\sehat-sathi-mai
n\sehat-sathi-main\pack
age-lock.json

   Γû▓ Next.js 15.5.9
   - Environments: .env.local

   Creating an optimized production build ...
 Γ£ô Compiled successfully in 22.4s
   Linting and checking validity of types ...
Failed to compile.

./src/app/insurance/pag
e.tsx:216:65
Type error: Property 
'deletePrompt' does 
not exist on type '{ 
title: string; 
subtitle: string; 
description: string; 
uploadDocument: 
string; viewDocuments: 
string; formTitle: 
string; uploadSuccessTo
astTitle: string; uploa
dSuccessToastDescriptio
n: string; ... 18 more 
...; form: { ...; }; } 
| { ...; } | { ...; }'.
  Property 
'deletePrompt' does 
not exist on type '{ 
title: string; 
subtitle: string; 
description: string; 
uploadDocument: 
string; viewDocuments: 
string; formTitle: 
string; uploadSuccessTo
astTitle: string; uploa
dSuccessToastDescriptio
n: string; ... 18 more 
...; form: { ...; }; 
}'.

[0m [90m 214 |[39m  
                   [33
m<[39m[33m/[39m[33m
AlertDialogTrigger[39m
[33m>[39m
 [90m 215 |[39m      
               [33m<[
39m[33mAlertDialogCont
ent[39m[33m>[39m
[31m[1m>[22m[39m[9
0m 216 |[39m          
               [33m<[
39m[33mAlertDialogHead
er[39m[33m>[39m[33m
<[39m[33mAlertDialogT
itle[39m[33m>[39m{t
[33m.[39mdeletePrompt
[33m.[39mtitle}[33m<
[39m[33m/[39m[33mAle
rtDialogTitle[39m[33m
>[39m[33m<[39m[33mA
lertDialogDescription[
39m[33m>[39m{t[33m.
[39mdeletePrompt[33m.
[39mdescription}[33m<
[39m[33m/[39m[33mAle
rtDialogDescription[39
m[33m>[39m[33m<[39m
[33m/[39m[33mAlertDi
alogHeader[39m[33m>[
39m
 [90m     |[39m      
                       
                       
             
[31m[1m^[22m[39m
 [90m 217 |[39m      
                   [33
m<[39m[33mAlertDialog
Footer[39m[33m>[39m
 [90m 218 |[39m      
                       
[33m<[39m[33mAlertDi
alogCancel[39m[33m>[
39m{t[33m.[39mcancelB
utton}[33m<[39m[33m/
[39m[33mAlertDialogCa
ncel[39m[33m>[39m
 [90m 219 |[39m      
                       
[33m<[39m[33mAlertDi
alogAction[39m 
onClick[33m=[39m{() 
[33m=>[39m handleDele
teDoc(doc)}[33m>[39m{
t[33m.[39mdeleteButto
n}[33m<[39m[33m/[39
m[33mAlertDialogAction
[39m[33m>[39m[0m
Next.js build worker 
exited with code: 1 
and signal: null
