
> nextn@0.1.0 typecheck
> tsc --noEmit

src/app/services/page.tsx(166,33): error TS2322: Type '{ name: string; address: string; lat: number; lng: number; contact: string; specialties: string; timing: string; }[] | { name: string; address: string; lat: number; lng: number; contact: string; specialties: string; timing: string; }[] | { ...; }[]' is not assignable to type 'Hospital[]'.
  Type '{ name: string; address: string; lat: number; lng: number; contact: string; specialties: string; timing: string; }[]' is not assignable to type 'Hospital[]'.
    Property 'id' is missing in type '{ name: string; address: string; lat: number; lng: number; contact: string; specialties: string; timing: string; }' but required in type 'Hospital'.
src/components/chatbot/ChatInterface.tsx(177,40): error TS2339: Property 'SpeechRecognition' does not exist on type 'Window & typeof globalThis'.
src/components/chatbot/ChatInterface.tsx(177,68): error TS2339: Property 'webkitSpeechRecognition' does not exist on type 'Window & typeof globalThis'.
src/components/chatbot/ChatInterface.tsx(196,31): error TS7006: Parameter 'event' implicitly has an 'any' type.
src/components/chatbot/ChatInterface.tsx(203,30): error TS7006: Parameter 'event' implicitly has an 'any' type.
